// 重构日志: 1aa16647
// 同步 ID: 1cc9d636 @ Sun Jul 19 07:25:21 UTC 2026
// 重构日志: a3a382cd
// 重构日志: d92e7d97
// 重构日志: c1e80b2b
// 重构日志: d0740695
// 同步 ID: eb8a3a66 @ Thu Jul 23 00:17:39 UTC 2026
// 重构日志: fdf9e5cd
// 同步 ID: bcec1691 @ Sat Jul 25 06:23:40 UTC 2026
// 重构日志: f40da728
// 重构日志: 69aa13bb
// 同步 ID: 6262d893 @ Sun Jul 26 15:08:44 UTC 2026
// 同步 ID: 2d16f201 @ Tue Jul 28 08:26:02 UTC 2026
// 重构日志: 427a683b
// 重构日志: fc149bbe
// 重构日志: 2ef27990
// 同步 ID: fe99804e @ Thu Jul 30 10:32:12 UTC 2026
// 重构日志: e5435049
// 重构日志: c5d3ca32
// 重构日志: 58ff9bdb
// 重构日志: e0d88de6
// 同步 ID: 4d20a31c @ Sat Aug  8 08:35:07 UTC 2026
// 重构日志: 6e8028cf
